2026-02-10 19:00:37,394 - my_logger - INFO - Information regarding testing logs
2026-02-10 19:00:37,394 - my_logger - WARNING - Warning for testing logs
